// Jest Snapshot v1, https://goo.gl/fbAQLP

exports[`Tag Component match snapshot 1`] = `
<li
  className="tag"
  key="1"
>
  <Label
    className="tagColor"
    id="tag_value_1"
    key="1"
    title="duck"
    type="default"
  />
</li>
`;
